# enum cache_size_type: print message for this cache type

CACHE_L1_READ_UC: "L1 UC READ"
CACHE_L1_READ_WB: "L1 WB READ"
CACHE_L1_READ_WC: "L1 WC READ"
CACHE_L1_READ_WP: "L1 WP READ"
CACHE_L1_READ_WT: "L1 WT READ"

CACHE_L1_WRITE_UC: "L1 UC WRITE"
CACHE_L1_WRITE_WB: "L1 WB WRITE"
CACHE_L1_WRITE_WC: "L1 WC WRITE"
CACHE_L1_WRITE_WP: "L1 WP WRITE"
CACHE_L1_WRITE_WT: "L1 WT WRITE"

CACHE_L2_READ_UC: "L2 UC READ"
CACHE_L2_READ_WB: "L2 WB READ"
CACHE_L2_READ_WC: "L2 WC READ"
CACHE_L2_READ_WP: "L2 WP READ"
CACHE_L2_READ_WT: "L2 WT READ"

CACHE_L2_WRITE_UC: "L2 UC WRITE"
CACHE_L2_WRITE_WB: "L2 WB WRITE"
CACHE_L2_WRITE_WC: "L2 WC WRITE"
CACHE_L2_WRITE_WP: "L2 WP WRITE"
CACHE_L2_WRITE_WT: "L2 WT WRITE"

CACHE_L3_READ_UC: "L3 UC READ"
CACHE_L3_READ_WB: "L3 WB READ"
CACHE_L3_READ_WC: "L3 WC READ"
CACHE_L3_READ_WP: "L3 WP READ"
CACHE_L3_READ_WT: "L3 WT READ"

CACHE_L3_WRITE_UC: "L3 UC WRITE"
CACHE_L3_WRITE_WB: "L3 WB WRITE"
CACHE_L3_WRITE_WC: "L3 WC WRITE"
CACHE_L3_WRITE_WP: "L3 WP WRITE"
CACHE_L3_WRITE_WT: "L3 WT WRITE"

CACHE_OVER_L3_READ_UC: "OVER L3 UC READ"
CACHE_OVER_L3_READ_WB: "OVER L3 WB READ"
CACHE_OVER_L3_READ_WC: "OVER L3 WC READ"
CACHE_OVER_L3_READ_WP: "OVER L3 WP READ"
CACHE_OVER_L3_READ_WT: "OVER L3 WT READ"

CACHE_OVER_L3_WRITE_UC: "OVER L3 UC WRITE"
CACHE_OVER_L3_WRITE_WB: "OVER L3 WB WRITE"
CACHE_OVER_L3_WRITE_WC: "OVER L3 WC WRITE"
CACHE_OVER_L3_WRITE_WP: "OVER L3 WP WRITE"
CACHE_OVER_L3_WRITE_WT: "OVER L3 WT WRITE"

CACHE_L1_READ_UC_NOFILL: "L1 UC READ NOFILL"
CACHE_L2_READ_UC_NOFILL: "L2 UC READ NOFILL"
CACHE_L3_READ_UC_NOFILL: "L3 UC READ NOFILL"
CACHE_OVER_L3_READ_UC_NOFILL: "OVER L3 UC READ NOFILL"

CACHE_L1_WRITE_UC_NOFILL: "L1 UC WRITE NOFILL"
CACHE_L2_WRITE_UC_NOFILL: "L2 UC WRITE NOFILL"
CACHE_L3_WRITE_UC_NOFILL: "L3 UC WRITE NOFILL"
CACHE_OVER_L3_WRITE_UC_NOFILL: "OVER L3 UC WRITE NOFILL"

CACHE_DEVICE_4K_READ:  "DEVICE 4K READ"
CACHE_DEVICE_4K_WRITE: "DEVICE 4K WRITE"

CACHE_CLFLUSH_READ:        "CLFLUSH READ"
CACHE_CLFLUSH_DIS_READ:    "CLFLUSH DIS READ"
CACHE_CLFLUSHOPT_READ:     "CLFLUSHOPT READ"
CACHE_CLFLUSHOPT_DIS_READ: "CLFLUSHOPT DIS READ"
CACHE_WBINVD_READ:         "WBINVD READ"
CACHE_WBINVD_DIS_READ:     "WBINVD DIS READ"
